// Vitest Snapshot v1, https://vitest.dev/guide/snapshot.html

exports[`SampleComponent > matches snapshot 1`] = `
<DocumentFragment>
  <div
    class="max-w-7xl mx-auto px-4 sm:px-6 lg:px-8 py-12"
  >
    <h1
      class="text-4xl font-bold mb-6"
    >
      Welcome to My Site
    </h1>
    <p
      class="text-xl mb-8"
    >
      This is a simple one-page layout with a responsive navbar and theme toggle.
    </p>
    <div
      class="rounded-lg border bg-card text-card-foreground shadow-sm"
    >
      <div
        class="flex flex-col space-y-1.5 p-6"
      >
        <div
          class="text-2xl font-semibold leading-none tracking-tight"
        >
          Content Section
        </div>
        <div
          class="text-sm text-muted-foreground"
        >
          Here you can add more content for your single-page website.
        </div>
      </div>
      <div
        class="p-6 pt-0"
      >
        <p>
          This could include features, testimonials, or any other relevant information.
        </p>
        <button
          class="inline-flex items-center justify-center gap-2 whitespace-nowrap rounded-md text-sm font-medium ring-offset-background transition-colors focus-visible:outline-none focus-visible:ring-2 focus-visible:ring-ring focus-visible:ring-offset-2 disabled:pointer-events-none disabled:opacity-50 [&_svg]:pointer-events-none [&_svg]:size-4 [&_svg]:shrink-0 bg-primary text-primary-foreground hover:bg-primary/90 h-10 px-4 py-2 mt-4"
        >
          Learn More
        </button>
      </div>
    </div>
  </div>
</DocumentFragment>
`;
